Command line invocation:
    /Applications/Xcode.app/Contents/Developer/usr/bin/xcodebuild -project SoulPets.xcodeproj -scheme SoulPets -destination "platform=iOS Simulator,name=iPhone 16,OS=18.5" build

--- xcodebuild: WARNING: Using the first of multiple matching destinations:
{ platform:iOS Simulator, arch:arm64, id:BC9AABCF-05CD-4C00-B6EB-FE58F9792A79, OS:18.5, name:iPhone 16 }
{ platform:iOS Simulator, arch:x86_64, id:BC9AABCF-05CD-4C00-B6EB-FE58F9792A79, OS:18.5, name:iPhone 16 }
ComputePackagePrebuildTargetDependencyGraph

Prepare packages

CreateBuildRequest

SendProjectDescription

CreateBuildOperation

ComputeTargetDependencyGraph
note: Building targets in dependency order
note: Target dependency graph (1 target)
    Target 'SoulPets' in project 'SoulPets' (no dependencies)

GatherProvisioningInputs

CreateBuildDescription

ExecuteExternalTool /Applications/Xcode.app/Contents/Developer/Toolchains/XcodeDefault.xctoolchain/usr/bin/clang -v -E -dM -isysroot /Applications/Xcode.app/Contents/Developer/Platforms/iPhoneSimulator.platform/Developer/SDKs/iPhoneSimulator18.5.sdk -x c -c /dev/null

ExecuteExternalTool /Applications/Xcode.app/Contents/Developer/usr/bin/actool --print-asset-tag-combinations --output-format xml1 /Users/songyouyong/Documents/work/git/pet/workspace/SoulPets/SoulPets/Assets.xcassets

ExecuteExternalTool /Applications/Xcode.app/Contents/Developer/usr/bin/actool --version --output-format xml1

ExecuteExternalTool /Applications/Xcode.app/Contents/Developer/Toolchains/XcodeDefault.xctoolchain/usr/bin/swiftc --version

ExecuteExternalTool /Applications/Xcode.app/Contents/Developer/Toolchains/XcodeDefault.xctoolchain/usr/bin/ld -version_details

Build description signature: cb97be0b855a4e1d6c000185b02de5ba
Build description path: /Users/songyouyong/Library/Developer/Xcode/DerivedData/SoulPets-dejbaxugdeemgfboyobqjtaffepc/Build/Intermediates.noindex/XCBuildData/cb97be0b855a4e1d6c000185b02de5ba.xcbuilddata
ClangStatCache /Applications/Xcode.app/Contents/Developer/Toolchains/XcodeDefault.xctoolchain/usr/bin/clang-stat-cache /Applications/Xcode.app/Contents/Developer/Platforms/iPhoneSimulator.platform/Developer/SDKs/iPhoneSimulator18.5.sdk /Users/songyouyong/Library/Developer/Xcode/DerivedData/SDKStatCaches.noindex/iphonesimulator18.5-22F76-d5fc8ad4295d2ef488fb7d0f804ce0c4.sdkstatcache
    cd /Users/songyouyong/Documents/work/git/pet/workspace/SoulPets/SoulPets.xcodeproj
    /Applications/Xcode.app/Contents/Developer/Toolchains/XcodeDefault.xctoolchain/usr/bin/clang-stat-cache /Applications/Xcode.app/Contents/Developer/Platforms/iPhoneSimulator.platform/Developer/SDKs/iPhoneSimulator18.5.sdk -o /Users/songyouyong/Library/Developer/Xcode/DerivedData/SDKStatCaches.noindex/iphonesimulator18.5-22F76-d5fc8ad4295d2ef488fb7d0f804ce0c4.sdkstatcache

WriteAuxiliaryFile /Users/songyouyong/Library/Developer/Xcode/DerivedData/SoulPets-dejbaxugdeemgfboyobqjtaffepc/Build/Intermediates.noindex/SoulPets.build/Debug-iphonesimulator/SoulPets.build/Objects-normal/arm64/SoulPets.SwiftFileList (in target 'SoulPets' from project 'SoulPets')
    cd /Users/songyouyong/Documents/work/git/pet/workspace/SoulPets
    write-file /Users/songyouyong/Library/Developer/Xcode/DerivedData/SoulPets-dejbaxugdeemgfboyobqjtaffepc/Build/Intermediates.noindex/SoulPets.build/Debug-iphonesimulator/SoulPets.build/Objects-normal/arm64/SoulPets.SwiftFileList

WriteAuxiliaryFile /Users/songyouyong/Library/Developer/Xcode/DerivedData/SoulPets-dejbaxugdeemgfboyobqjtaffepc/Build/Intermediates.noindex/SoulPets.build/Debug-iphonesimulator/SoulPets.build/Objects-normal/arm64/SoulPets.SwiftConstValuesFileList (in target 'SoulPets' from project 'SoulPets')
    cd /Users/songyouyong/Documents/work/git/pet/workspace/SoulPets
    write-file /Users/songyouyong/Library/Developer/Xcode/DerivedData/SoulPets-dejbaxugdeemgfboyobqjtaffepc/Build/Intermediates.noindex/SoulPets.build/Debug-iphonesimulator/SoulPets.build/Objects-normal/arm64/SoulPets.SwiftConstValuesFileList

WriteAuxiliaryFile /Users/songyouyong/Library/Developer/Xcode/DerivedData/SoulPets-dejbaxugdeemgfboyobqjtaffepc/Build/Intermediates.noindex/SoulPets.build/Debug-iphonesimulator/SoulPets.build/Objects-normal/arm64/SoulPets.LinkFileList (in target 'SoulPets' from project 'SoulPets')
    cd /Users/songyouyong/Documents/work/git/pet/workspace/SoulPets
    write-file /Users/songyouyong/Library/Developer/Xcode/DerivedData/SoulPets-dejbaxugdeemgfboyobqjtaffepc/Build/Intermediates.noindex/SoulPets.build/Debug-iphonesimulator/SoulPets.build/Objects-normal/arm64/SoulPets.LinkFileList

ProcessProductPackaging "" /Users/songyouyong/Library/Developer/Xcode/DerivedData/SoulPets-dejbaxugdeemgfboyobqjtaffepc/Build/Intermediates.noindex/SoulPets.build/Debug-iphonesimulator/SoulPets.build/SoulPets.app-Simulated.xcent (in target 'SoulPets' from project 'SoulPets')
    cd /Users/songyouyong/Documents/work/git/pet/workspace/SoulPets
    
    Entitlements:
    
    {
    "application-identifier" = "RNL8DB23YY.com.byte.driver.SoulPets";
}
    
    builtin-productPackagingUtility -entitlements -format xml -o /Users/songyouyong/Library/Developer/Xcode/DerivedData/SoulPets-dejbaxugdeemgfboyobqjtaffepc/Build/Intermediates.noindex/SoulPets.build/Debug-iphonesimulator/SoulPets.build/SoulPets.app-Simulated.xcent

ProcessProductPackagingDER /Users/songyouyong/Library/Developer/Xcode/DerivedData/SoulPets-dejbaxugdeemgfboyobqjtaffepc/Build/Intermediates.noindex/SoulPets.build/Debug-iphonesimulator/SoulPets.build/SoulPets.app-Simulated.xcent /Users/songyouyong/Library/Developer/Xcode/DerivedData/SoulPets-dejbaxugdeemgfboyobqjtaffepc/Build/Intermediates.noindex/SoulPets.build/Debug-iphonesimulator/SoulPets.build/SoulPets.app-Simulated.xcent.der (in target 'SoulPets' from project 'SoulPets')
    cd /Users/songyouyong/Documents/work/git/pet/workspace/SoulPets
    /usr/bin/derq query -f xml -i /Users/songyouyong/Library/Developer/Xcode/DerivedData/SoulPets-dejbaxugdeemgfboyobqjtaffepc/Build/Intermediates.noindex/SoulPets.build/Debug-iphonesimulator/SoulPets.build/SoulPets.app-Simulated.xcent -o /Users/songyouyong/Library/Developer/Xcode/DerivedData/SoulPets-dejbaxugdeemgfboyobqjtaffepc/Build/Intermediates.noindex/SoulPets.build/Debug-iphonesimulator/SoulPets.build/SoulPets.app-Simulated.xcent.der --raw

CompileAssetCatalogVariant thinned /Users/songyouyong/Library/Developer/Xcode/DerivedData/SoulPets-dejbaxugdeemgfboyobqjtaffepc/Build/Products/Debug-iphonesimulator/SoulPets.app /Users/songyouyong/Documents/work/git/pet/workspace/SoulPets/SoulPets/Assets.xcassets (in target 'SoulPets' from project 'SoulPets')
    cd /Users/songyouyong/Documents/work/git/pet/workspace/SoulPets
    /Applications/Xcode.app/Contents/Developer/usr/bin/actool /Users/songyouyong/Documents/work/git/pet/workspace/SoulPets/SoulPets/Assets.xcassets --compile /Users/songyouyong/Library/Developer/Xcode/DerivedData/SoulPets-dejbaxugdeemgfboyobqjtaffepc/Build/Intermediates.noindex/SoulPets.build/Debug-iphonesimulator/SoulPets.build/assetcatalog_output/thinned --output-format human-readable-text --notices --warnings --export-dependency-info /Users/songyouyong/Library/Developer/Xcode/DerivedData/SoulPets-dejbaxugdeemgfboyobqjtaffepc/Build/Intermediates.noindex/SoulPets.build/Debug-iphonesimulator/SoulPets.build/assetcatalog_dependencies_thinned --output-partial-info-plist /Users/songyouyong/Library/Developer/Xcode/DerivedData/SoulPets-dejbaxugdeemgfboyobqjtaffepc/Build/Intermediates.noindex/SoulPets.build/Debug-iphonesimulator/SoulPets.build/assetcatalog_generated_info.plist_thinned --app-icon AppIcon --accent-color AccentColor --compress-pngs --enable-on-demand-resources YES --filter-for-thinning-device-configuration iPhone17,3 --filter-for-device-os-version 18.5 --development-region en --target-device iphone --target-device ipad --minimum-deployment-target 18.5 --platform iphonesimulator

SwiftDriver SoulPets normal arm64 com.apple.xcode.tools.swift.compiler (in target 'SoulPets' from project 'SoulPets')
    cd /Users/songyouyong/Documents/work/git/pet/workspace/SoulPets
    builtin-SwiftDriver -- /Applications/Xcode.app/Contents/Developer/Toolchains/XcodeDefault.xctoolchain/usr/bin/swiftc -module-name SoulPets -Onone -enforce-exclusivity\=checked @/Users/songyouyong/Library/Developer/Xcode/DerivedData/SoulPets-dejbaxugdeemgfboyobqjtaffepc/Build/Intermediates.noindex/SoulPets.build/Debug-iphonesimulator/SoulPets.build/Objects-normal/arm64/SoulPets.SwiftFileList -DDEBUG -enable-bare-slash-regex -enable-experimental-feature DebugDescriptionMacro -sdk /Applications/Xcode.app/Contents/Developer/Platforms/iPhoneSimulator.platform/Developer/SDKs/iPhoneSimulator18.5.sdk -target arm64-apple-ios18.5-simulator -g -module-cache-path /Users/songyouyong/Library/Developer/Xcode/DerivedData/ModuleCache.noindex -Xfrontend -serialize-debugging-options -profile-coverage-mapping -profile-generate -enable-testing -index-store-path /Users/songyouyong/Library/Developer/Xcode/DerivedData/SoulPets-dejbaxugdeemgfboyobqjtaffepc/Index.noindex/DataStore -swift-version 5 -I /Users/songyouyong/Library/Developer/Xcode/DerivedData/SoulPets-dejbaxugdeemgfboyobqjtaffepc/Build/Products/Debug-iphonesimulator -F /Users/songyouyong/Library/Developer/Xcode/DerivedData/SoulPets-dejbaxugdeemgfboyobqjtaffepc/Build/Products/Debug-iphonesimulator -emit-localized-strings -emit-localized-strings-path /Users/songyouyong/Library/Developer/Xcode/DerivedData/SoulPets-dejbaxugdeemgfboyobqjtaffepc/Build/Intermediates.noindex/SoulPets.build/Debug-iphonesimulator/SoulPets.build/Objects-normal/arm64 -c -j8 -enable-batch-mode -incremental -Xcc -ivfsstatcache -Xcc /Users/songyouyong/Library/Developer/Xcode/DerivedData/SDKStatCaches.noindex/iphonesimulator18.5-22F76-d5fc8ad4295d2ef488fb7d0f804ce0c4.sdkstatcache -output-file-map /Users/songyouyong/Library/Developer/Xcode/DerivedData/SoulPets-dejbaxugdeemgfboyobqjtaffepc/Build/Intermediates.noindex/SoulPets.build/Debug-iphonesimulator/SoulPets.build/Objects-normal/arm64/SoulPets-OutputFileMap.json -use-frontend-parseable-output -save-temps -no-color-diagnostics -serialize-diagnostics -emit-dependencies -emit-module -emit-module-path /Users/songyouyong/Library/Developer/Xcode/DerivedData/SoulPets-dejbaxugdeemgfboyobqjtaffepc/Build/Intermediates.noindex/SoulPets.build/Debug-iphonesimulator/SoulPets.build/Objects-normal/arm64/SoulPets.swiftmodule -validate-clang-modules-once -clang-build-session-file /Users/songyouyong/Library/Developer/Xcode/DerivedData/ModuleCache.noindex/Session.modulevalidation -Xcc -I/Users/songyouyong/Library/Developer/Xcode/DerivedData/SoulPets-dejbaxugdeemgfboyobqjtaffepc/Build/Intermediates.noindex/SoulPets.build/Debug-iphonesimulator/SoulPets.build/swift-overrides.hmap -emit-const-values -Xfrontend -const-gather-protocols-file -Xfrontend /Users/songyouyong/Library/Developer/Xcode/DerivedData/SoulPets-dejbaxugdeemgfboyobqjtaffepc/Build/Intermediates.noindex/SoulPets.build/Debug-iphonesimulator/SoulPets.build/Objects-normal/arm64/SoulPets_const_extract_protocols.json -Xcc -iquote -Xcc /Users/songyouyong/Library/Developer/Xcode/DerivedData/SoulPets-dejbaxugdeemgfboyobqjtaffepc/Build/Intermediates.noindex/SoulPets.build/Debug-iphonesimulator/SoulPets.build/SoulPets-generated-files.hmap -Xcc -I/Users/songyouyong/Library/Developer/Xcode/DerivedData/SoulPets-dejbaxugdeemgfboyobqjtaffepc/Build/Intermediates.noindex/SoulPets.build/Debug-iphonesimulator/SoulPets.build/SoulPets-own-target-headers.hmap -Xcc -I/Users/songyouyong/Library/Developer/Xcode/DerivedData/SoulPets-dejbaxugdeemgfboyobqjtaffepc/Build/Intermediates.noindex/SoulPets.build/Debug-iphonesimulator/SoulPets.build/SoulPets-all-target-headers.hmap -Xcc -iquote -Xcc /Users/songyouyong/Library/Developer/Xcode/DerivedData/SoulPets-dejbaxugdeemgfboyobqjtaffepc/Build/Intermediates.noindex/SoulPets.build/Debug-iphonesimulator/SoulPets.build/SoulPets-project-headers.hmap -Xcc -I/Users/songyouyong/Library/Developer/Xcode/DerivedData/SoulPets-dejbaxugdeemgfboyobqjtaffepc/Build/Products/Debug-iphonesimulator/include -Xcc -I/Users/songyouyong/Library/Developer/Xcode/DerivedData/SoulPets-dejbaxugdeemgfboyobqjtaffepc/Build/Intermediates.noindex/SoulPets.build/Debug-iphonesimulator/SoulPets.build/DerivedSources-normal/arm64 -Xcc -I/Users/songyouyong/Library/Developer/Xcode/DerivedData/SoulPets-dejbaxugdeemgfboyobqjtaffepc/Build/Intermediates.noindex/SoulPets.build/Debug-iphonesimulator/SoulPets.build/DerivedSources/arm64 -Xcc -I/Users/songyouyong/Library/Developer/Xcode/DerivedData/SoulPets-dejbaxugdeemgfboyobqjtaffepc/Build/Intermediates.noindex/SoulPets.build/Debug-iphonesimulator/SoulPets.build/DerivedSources -Xcc -DDEBUG\=1 -emit-objc-header -emit-objc-header-path /Users/songyouyong/Library/Developer/Xcode/DerivedData/SoulPets-dejbaxugdeemgfboyobqjtaffepc/Build/Intermediates.noindex/SoulPets.build/Debug-iphonesimulator/SoulPets.build/Objects-normal/arm64/SoulPets-Swift.h -working-directory /Users/songyouyong/Documents/work/git/pet/workspace/SoulPets -experimental-emit-module-separately -disable-cmo

SwiftCompile normal arm64 Compiling\ DataInitializationService.swift,\ PetImportantDatesView.swift,\ Color+Hex.swift /Users/songyouyong/Documents/work/git/pet/workspace/SoulPets/SoulPets/Data/Services/DataInitializationService.swift /Users/songyouyong/Documents/work/git/pet/workspace/SoulPets/SoulPets/Features/Pets/Views/PetImportantDatesView.swift /Users/songyouyong/Documents/work/git/pet/workspace/SoulPets/SoulPets/Common/Extensions/Color+Hex.swift (in target 'SoulPets' from project 'SoulPets')

SwiftCompile normal arm64 /Users/songyouyong/Documents/work/git/pet/workspace/SoulPets/SoulPets/Data/Services/DataInitializationService.swift (in target 'SoulPets' from project 'SoulPets')
    cd /Users/songyouyong/Documents/work/git/pet/workspace/SoulPets
    

SwiftCompile normal arm64 /Users/songyouyong/Documents/work/git/pet/workspace/SoulPets/SoulPets/Features/Pets/Views/PetImportantDatesView.swift (in target 'SoulPets' from project 'SoulPets')
    cd /Users/songyouyong/Documents/work/git/pet/workspace/SoulPets
    

SwiftCompile normal arm64 /Users/songyouyong/Documents/work/git/pet/workspace/SoulPets/SoulPets/Common/Extensions/Color+Hex.swift (in target 'SoulPets' from project 'SoulPets')
    cd /Users/songyouyong/Documents/work/git/pet/workspace/SoulPets
    

SwiftCompile normal arm64 Compiling\ ContentView.swift,\ AddEditWeightView.swift,\ Reminder.swift /Users/songyouyong/Documents/work/git/pet/workspace/SoulPets/SoulPets/ContentView.swift /Users/songyouyong/Documents/work/git/pet/workspace/SoulPets/SoulPets/Features/Weight/Views/AddEditWeightView.swift /Users/songyouyong/Documents/work/git/pet/workspace/SoulPets/SoulPets/Data/Models/Reminder.swift (in target 'SoulPets' from project 'SoulPets')

SwiftCompile normal arm64 /Users/songyouyong/Documents/work/git/pet/workspace/SoulPets/SoulPets/ContentView.swift (in target 'SoulPets' from project 'SoulPets')
    cd /Users/songyouyong/Documents/work/git/pet/workspace/SoulPets
    

SwiftCompile normal arm64 /Users/songyouyong/Documents/work/git/pet/workspace/SoulPets/SoulPets/Features/Weight/Views/AddEditWeightView.swift (in target 'SoulPets' from project 'SoulPets')
    cd /Users/songyouyong/Documents/work/git/pet/workspace/SoulPets
    

SwiftCompile normal arm64 /Users/songyouyong/Documents/work/git/pet/workspace/SoulPets/SoulPets/Data/Models/Reminder.swift (in target 'SoulPets' from project 'SoulPets')
    cd /Users/songyouyong/Documents/work/git/pet/workspace/SoulPets
    

SwiftCompile normal arm64 Compiling\ RecordsView.swift,\ TagItemView.swift,\ WeightService.swift /Users/songyouyong/Documents/work/git/pet/workspace/SoulPets/SoulPets/Features/Record/Views/RecordsView.swift /Users/songyouyong/Documents/work/git/pet/workspace/SoulPets/SoulPets/Common/Components/TagItemView.swift /Users/songyouyong/Documents/work/git/pet/workspace/SoulPets/SoulPets/Data/Services/WeightService.swift (in target 'SoulPets' from project 'SoulPets')
Failed frontend command:
/Applications/Xcode.app/Contents/Developer/Toolchains/XcodeDefault.xctoolchain/usr/bin/swift-frontend -frontend -c /Users/songyouyong/Documents/work/git/pet/workspace/SoulPets/SoulPets/Features/Record/ViewModels/RecordViewModel.swift /Users/songyouyong/Documents/work/git/pet/workspace/SoulPets/SoulPets/Data/Services/TagPresetService.swift /Users/songyouyong/Documents/work/git/pet/workspace/SoulPets/SoulPets/Common/Components/StepIndicator.swift /Users/songyouyong/Documents/work/git/pet/workspace/SoulPets/SoulPets/Data/Services/LoggerService.swift /Users/songyouyong/Documents/work/git/pet/workspace/SoulPets/SoulPets/Features/Settings/Services/SettingsService.swift -primary-file /Users/songyouyong/Documents/work/git/pet/workspace/SoulPets/SoulPets/Features/Record/Views/RecordsView.swift -primary-file /Users/songyouyong/Documents/work/git/pet/workspace/SoulPets/SoulPets/Common/Components/TagItemView.swift /Users/songyouyong/Documents/work/git/pet/workspace/SoulPets/SoulPets/Features/Reminders/Views/AddEditReminderView.swift /Users/songyouyong/Documents/work/git/pet/workspace/SoulPets/SoulPets/Features/Settings/Preview/SettingsPreview.swift -primary-file /Users/songyouyong/Documents/work/git/pet/workspace/SoulPets/SoulPets/Data/Services/WeightService.swift /Users/songyouyong/Documents/work/git/pet/workspace/SoulPets/SoulPets/ContentView.swift /Users/songyouyong/Documents/work/git/pet/workspace/SoulPets/SoulPets/Features/Weight/Views/AddEditWeightView.swift /Users/songyouyong/Documents/work/git/pet/workspace/SoulPets/SoulPets/Features/Pets/Views/PetBasicInfoView.swift /Users/songyouyong/Documents/work/git/pet/workspace/SoulPets/SoulPets/Data/Models/Pet.swift /Users/songyouyong/Documents/work/git/pet/workspace/SoulPets/SoulPets/Common/Components/CircleImagePicker.swift /Users/songyouyong/Documents/work/git/pet/workspace/SoulPets/SoulPets/Features/Pets/Views/PetDetailView.swift /Users/songyouyong/Documents/work/git/pet/workspace/SoulPets/SoulPets/Features/Record/Views/AddRecordView.swift /Users/songyouyong/Documents/work/git/pet/workspace/SoulPets/SoulPets/Data/Models/Reminder.swift /Users/songyouyong/Documents/work/git/pet/workspace/SoulPets/SoulPets/Features/Pets/ViewModels/PetViewModel.swift /Users/songyouyong/Documents/work/git/pet/workspace/SoulPets/SoulPets/Data/Services/DataInitializationService.swift /Users/songyouyong/Documents/work/git/pet/workspace/SoulPets/SoulPets/Features/Settings/SettingsView.swift /Users/songyouyong/Documents/work/git/pet/workspace/SoulPets/SoulPets/Features/Tags/Views/TagItemManagementView.swift /Users/songyouyong/Documents/work/git/pet/workspace/SoulPets/SoulPets/Features/Reminders/Views/ReminderDetailView.swift /Users/songyouyong/Documents/work/git/pet/workspace/SoulPets/SoulPets/Common/Components/PetAvatarView.swift /Users/songyouyong/Documents/work/git/pet/workspace/SoulPets/SoulPets/Features/Pets/Views/PetImportantDatesView.swift /Users/songyouyong/Documents/work/git/pet/workspace/SoulPets/SoulPets/Data/Models/Tag.swift /Users/songyouyong/Documents/work/git/pet/workspace/SoulPets/SoulPets/Features/Weight/Views/WeightGoalView.swift /Users/songyouyong/Documents/work/git/pet/workspace/SoulPets/SoulPets/Features/Pets/Views/PetsHomeView.swift /Users/songyouyong/Documents/work/git/pet/workspace/SoulPets/SoulPets/Common/Extensions/Color+Hex.swift /Users/songyouyong/Documents/work/git/pet/workspace/SoulPets/SoulPets/Data/Services/PetService+CascadeDelete.swift /Users/songyouyong/Documents/work/git/pet/workspace/SoulPets/SoulPets/Data/Models/UserSettings.swift /Users/songyouyong/Documents/work/git/pet/workspace/SoulPets/SoulPets/Data/Services/PetService.swift /Users/songyouyong/Documents/work/git/pet/workspace/SoulPets/SoulPets/Features/Pets/Views/AddPetView.swift /Users/songyouyong/Documents/work/git/pet/workspace/SoulPets/SoulPets/Font+Extension.swift /Users/songyouyong/Documents/work/git/pet/workspace/SoulPets/SoulPets/Data/Models/Record.swift /Users/songyouyong/Documents/work/git/pet/workspace/SoulPets/SoulPets/Features/Pets/Views/PetTypeSelectionView.swift /Users/songyouyong/Documents/work/git/pet/workspace/SoulPets/SoulPets/Data/Services/RecordService.swift /Users/songyouyong/Documents/work/git/pet/workspace/SoulPets/SoulPets/Features/Pets/Views/EditPetView.swift /Users/songyouyong/Documents/work/git/pet/workspace/SoulPets/SoulPets/Features/Record/Views/RecordDetailView.swift /Users/songyouyong/Documents/work/git/pet/workspace/SoulPets/SoulPets/Features/Settings/Components/SettingsRowView.swift /Users/songyouyong/Documents/work/git/pet/workspace/SoulPets/SoulPets/Features/Weight/ViewModels/WeightViewModel.swift /Users/songyouyong/Documents/work/git/pet/workspace/SoulPets/SoulPets/Features/Tags/Views/TagManagementView.swift /Users/songyouyong/Documents/work/git/pet/workspace/SoulPets/SoulPets/Data/Services/RecordStatsService.swift /Users/songyouyong/Documents/work/git/pet/workspace/SoulPets/SoulPets/Data/ModelRegistration.swift /Users/songyouyong/Documents/work/git/pet/workspace/SoulPets/SoulPets/Core/Navigation/AppState.swift /Users/songyouyong/Documents/work/git/pet/workspace/SoulPets/SoulPets/Data/Services/ReminderService.swift /Users/songyouyong/Documents/work/git/pet/workspace/SoulPets/SoulPets/Features/Reminders/Views/RemindersView.swift /Users/songyouyong/Documents/work/git/pet/workspace/SoulPets/SoulPets/Common/Components/ProgressBar.swift /Users/songyouyong/Documents/work/git/pet/workspace/SoulPets/SoulPets/Features/Reminders/ViewModels/AddEditReminderViewModel.swift /Users/songyouyong/Documents/work/git/pet/workspace/SoulPets/SoulPets/Data/Models/Weight.swift /Users/songyouyong/Documents/work/git/pet/workspace/SoulPets/SoulPets/Features/Weight/Views/WeightView.swift /Users/songyouyong/Documents/work/git/pet/workspace/SoulPets/SoulPets/Data/Services/TagManagementService.swift /Users/songyouyong/Documents/work/git/pet/workspace/SoulPets/SoulPets/Data/Services/NotificationService.swift /Users/songyouyong/Documents/work/git/pet/workspace/SoulPets/SoulPets/Features/Tags/ViewModels/TagManagementViewModel.swift /Users/songyouyong/Documents/work/git/pet/workspace/SoulPets/SoulPets/Common/Extensions/View+Alert.swift /Users/songyouyong/Documents/work/git/pet/workspace/SoulPets/SoulPets/Features/Reminders/ViewModels/RemindersViewModel.swift /Users/songyouyong/Documents/work/git/pet/workspace/SoulPets/SoulPets/SoulPetsApp.swift /Users/songyouyong/Documents/work/git/pet/workspace/SoulPets/SoulPets/Data/Models/WeightGoal.swift /Users/songyouyong/Library/Developer/Xcode/DerivedData/SoulPets-dejbaxugdeemgfboyobqjtaffepc/Build/Intermediates.noindex/SoulPets.build/Debug-iphonesimulator/SoulPets.build/DerivedSources/GeneratedAssetSymbols.swift -supplementary-output-file-map /Users/songyouyong/Library/Developer/Xcode/DerivedData/SoulPets-dejbaxugdeemgfboyobqjtaffepc/Build/Intermediates.noindex/SoulPets.build/Debug-iphonesimulator/SoulPets.build/Objects-normal/arm64/supplementaryOutputs-1 -emit-localized-strings -emit-localized-strings-path /Users/songyouyong/Library/Developer/Xcode/DerivedData/SoulPets-dejbaxugdeemgfboyobqjtaffepc/Build/Intermediates.noindex/SoulPets.build/Debug-iphonesimulator/SoulPets.build/Objects-normal/arm64 -target arm64-apple-ios18.5-simulator -Xllvm -aarch64-use-tbi -enable-objc-interop -sdk /Applications/Xcode.app/Contents/Developer/Platforms/iPhoneSimulator.platform/Developer/SDKs/iPhoneSimulator18.5.sdk -I /Users/songyouyong/Library/Developer/Xcode/DerivedData/SoulPets-dejbaxugdeemgfboyobqjtaffepc/Build/Products/Debug-iphonesimulator -F /Users/songyouyong/Library/Developer/Xcode/DerivedData/SoulPets-dejbaxugdeemgfboyobqjtaffepc/Build/Products/Debug-iphonesimulator -no-color-diagnostics -enable-testing -g -debug-info-format\=dwarf -dwarf-version\=5 -module-cache-path /Users/songyouyong/Library/Developer/Xcode/DerivedData/ModuleCache.noindex -profile-generate -profile-coverage-mapping -swift-version 5 -enforce-exclusivity\=checked -Onone -D DEBUG -serialize-debugging-options -const-gather-protocols-file /Users/songyouyong/Library/Developer/Xcode/DerivedData/SoulPets-dejbaxugdeemgfboyobqjtaffepc/Build/Intermediates.noindex/SoulPets.build/Debug-iphonesimulator/SoulPets.build/Objects-normal/arm64/SoulPets_const_extract_protocols.json -enable-experimental-feature DebugDescriptionMacro -enable-bare-slash-regex -empty-abi-descriptor -validate-clang-modules-once -clang-build-session-file /Users/songyouyong/Library/Developer/Xcode/DerivedData/ModuleCache.noindex/Session.modulevalidation -Xcc -working-directory -Xcc /Users/songyouyong/Documents/work/git/pet/workspace/SoulPets -resource-dir /Applications/Xcode.app/Contents/Developer/Toolchains/XcodeDefault.xctoolchain/usr/lib/swift -enable-anonymous-context-mangled-names -file-compilation-dir /Users/songyouyong/Documents/work/git/pet/workspace/SoulPets -Xcc -ivfsstatcache -Xcc /Users/songyouyong/Library/Developer/Xcode/DerivedData/SDKStatCaches.noindex/iphonesimulator18.5-22F76-d5fc8ad4295d2ef488fb7d0f804ce0c4.sdkstatcache -Xcc -I/Users/songyouyong/Library/Developer/Xcode/DerivedData/SoulPets-dejbaxugdeemgfboyobqjtaffepc/Build/Intermediates.noindex/SoulPets.build/Debug-iphonesimulator/SoulPets.build/swift-overrides.hmap -Xcc -iquote -Xcc /Users/songyouyong/Library/Developer/Xcode/DerivedData/SoulPets-dejbaxugdeemgfboyobqjtaffepc/Build/Intermediates.noindex/SoulPets.build/Debug-iphonesimulator/SoulPets.build/SoulPets-generated-files.hmap -Xcc -I/Users/songyouyong/Library/Developer/Xcode/DerivedData/SoulPets-dejbaxugdeemgfboyobqjtaffepc/Build/Intermediates.noindex/SoulPets.build/Debug-iphonesimulator/SoulPets.build/SoulPets-own-target-headers.hmap -Xcc -I/Users/songyouyong/Library/Developer/Xcode/DerivedData/SoulPets-dejbaxugdeemgfboyobqjtaffepc/Build/Intermediates.noindex/SoulPets.build/Debug-iphonesimulator/SoulPets.build/SoulPets-all-target-headers.hmap -Xcc -iquote -Xcc /Users/songyouyong/Library/Developer/Xcode/DerivedData/SoulPets-dejbaxugdeemgfboyobqjtaffepc/Build/Intermediates.noindex/SoulPets.build/Debug-iphonesimulator/SoulPets.build/SoulPets-project-headers.hmap -Xcc -I/Users/songyouyong/Library/Developer/Xcode/DerivedData/SoulPets-dejbaxugdeemgfboyobqjtaffepc/Build/Products/Debug-iphonesimulator/include -Xcc -I/Users/songyouyong/Library/Developer/Xcode/DerivedData/SoulPets-dejbaxugdeemgfboyobqjtaffepc/Build/Intermediates.noindex/SoulPets.build/Debug-iphonesimulator/SoulPets.build/DerivedSources-normal/arm64 -Xcc -I/Users/songyouyong/Library/Developer/Xcode/DerivedData/SoulPets-dejbaxugdeemgfboyobqjtaffepc/Build/Intermediates.noindex/SoulPets.build/Debug-iphonesimulator/SoulPets.build/DerivedSources/arm64 -Xcc -I/Users/songyouyong/Library/Developer/Xcode/DerivedData/SoulPets-dejbaxugdeemgfboyobqjtaffepc/Build/Intermediates.noindex/SoulPets.build/Debug-iphonesimulator/SoulPets.build/DerivedSources -Xcc -DDEBUG\=1 -module-name SoulPets -frontend-parseable-output -disable-clang-spi -target-sdk-version 18.5 -target-sdk-name iphonesimulator18.5 -external-plugin-path /Applications/Xcode.app/Contents/Developer/Platforms/iPhoneOS.platform/Developer/usr/lib/swift/host/plugins\#/Applications/Xcode.app/Contents/Developer/Platforms/iPhoneOS.platform/Developer/usr/bin/swift-plugin-server -external-plugin-path /Applications/Xcode.app/Contents/Developer/Platforms/iPhoneOS.platform/Developer/usr/local/lib/swift/host/plugins\#/Applications/Xcode.app/Contents/Developer/Platforms/iPhoneOS.platform/Developer/usr/bin/swift-plugin-server -in-process-plugin-server-path /Applications/Xcode.app/Contents/Developer/Toolchains/XcodeDefault.xctoolchain/usr/lib/swift/host/libSwiftInProcPluginServer.dylib -plugin-path /Applications/Xcode.app/Contents/Developer/Toolchains/XcodeDefault.xctoolchain/usr/lib/swift/host/plugins -plugin-path /Applications/Xcode.app/Contents/Developer/Toolchains/XcodeDefault.xctoolchain/usr/local/lib/swift/host/plugins -o /Users/songyouyong/Library/Developer/Xcode/DerivedData/SoulPets-dejbaxugdeemgfboyobqjtaffepc/Build/Intermediates.noindex/SoulPets.build/Debug-iphonesimulator/SoulPets.build/Objects-normal/arm64/RecordsView.o -o /Users/songyouyong/Library/Developer/Xcode/DerivedData/SoulPets-dejbaxugdeemgfboyobqjtaffepc/Build/Intermediates.noindex/SoulPets.build/Debug-iphonesimulator/SoulPets.build/Objects-normal/arm64/TagItemView.o -o /Users/songyouyong/Library/Developer/Xcode/DerivedData/SoulPets-dejbaxugdeemgfboyobqjtaffepc/Build/Intermediates.noindex/SoulPets.build/Debug-iphonesimulator/SoulPets.build/Objects-normal/arm64/WeightService.o -index-unit-output-path /SoulPets.build/Debug-iphonesimulator/SoulPets.build/Objects-normal/arm64/RecordsView.o -index-unit-output-path /SoulPets.build/Debug-iphonesimulator/SoulPets.build/Objects-normal/arm64/TagItemView.o -index-unit-output-path /SoulPets.build/Debug-iphonesimulator/SoulPets.build/Objects-normal/arm64/WeightService.o -index-store-path /Users/songyouyong/Library/Developer/Xcode/DerivedData/SoulPets-dejbaxugdeemgfboyobqjtaffepc/Index.noindex/DataStore -index-system-modules

SwiftCompile normal arm64 /Users/songyouyong/Documents/work/git/pet/workspace/SoulPets/SoulPets/Features/Record/Views/RecordsView.swift (in target 'SoulPets' from project 'SoulPets')
    cd /Users/songyouyong/Documents/work/git/pet/workspace/SoulPets
    
/Users/songyouyong/Documents/work/git/pet/workspace/SoulPets/SoulPets/Features/Record/Views/RecordsView.swift:598:36: error: type 'Font?' has no member 'appButton'
                            .font(.appButton)
                                  ~^~~~~~~~~

SwiftCompile normal arm64 /Users/songyouyong/Documents/work/git/pet/workspace/SoulPets/SoulPets/Common/Components/TagItemView.swift (in target 'SoulPets' from project 'SoulPets')
    cd /Users/songyouyong/Documents/work/git/pet/workspace/SoulPets
    

SwiftCompile normal arm64 /Users/songyouyong/Documents/work/git/pet/workspace/SoulPets/SoulPets/Data/Services/WeightService.swift (in target 'SoulPets' from project 'SoulPets')
    cd /Users/songyouyong/Documents/work/git/pet/workspace/SoulPets
    

SwiftEmitModule normal arm64 Emitting\ module\ for\ SoulPets (in target 'SoulPets' from project 'SoulPets')

EmitSwiftModule normal arm64 (in target 'SoulPets' from project 'SoulPets')
    cd /Users/songyouyong/Documents/work/git/pet/workspace/SoulPets
    

SwiftCompile normal arm64 Compiling\ WeightViewModel.swift,\ TagManagementView.swift,\ ModelRegistration.swift /Users/songyouyong/Documents/work/git/pet/workspace/SoulPets/SoulPets/Features/Weight/ViewModels/WeightViewModel.swift /Users/songyouyong/Documents/work/git/pet/workspace/SoulPets/SoulPets/Features/Tags/Views/TagManagementView.swift /Users/songyouyong/Documents/work/git/pet/workspace/SoulPets/SoulPets/Data/ModelRegistration.swift (in target 'SoulPets' from project 'SoulPets')

SwiftCompile normal arm64 /Users/songyouyong/Documents/work/git/pet/workspace/SoulPets/SoulPets/Features/Weight/ViewModels/WeightViewModel.swift (in target 'SoulPets' from project 'SoulPets')
    cd /Users/songyouyong/Documents/work/git/pet/workspace/SoulPets
    

SwiftCompile normal arm64 /Users/songyouyong/Documents/work/git/pet/workspace/SoulPets/SoulPets/Features/Tags/Views/TagManagementView.swift (in target 'SoulPets' from project 'SoulPets')
    cd /Users/songyouyong/Documents/work/git/pet/workspace/SoulPets
    

SwiftCompile normal arm64 /Users/songyouyong/Documents/work/git/pet/workspace/SoulPets/SoulPets/Data/ModelRegistration.swift (in target 'SoulPets' from project 'SoulPets')
    cd /Users/songyouyong/Documents/work/git/pet/workspace/SoulPets
    

SwiftCompile normal arm64 Compiling\ AddEditReminderViewModel.swift,\ WeightView.swift,\ TagManagementService.swift /Users/songyouyong/Documents/work/git/pet/workspace/SoulPets/SoulPets/Features/Reminders/ViewModels/AddEditReminderViewModel.swift /Users/songyouyong/Documents/work/git/pet/workspace/SoulPets/SoulPets/Features/Weight/Views/WeightView.swift /Users/songyouyong/Documents/work/git/pet/workspace/SoulPets/SoulPets/Data/Services/TagManagementService.swift (in target 'SoulPets' from project 'SoulPets')

SwiftCompile normal arm64 /Users/songyouyong/Documents/work/git/pet/workspace/SoulPets/SoulPets/Features/Reminders/ViewModels/AddEditReminderViewModel.swift (in target 'SoulPets' from project 'SoulPets')
    cd /Users/songyouyong/Documents/work/git/pet/workspace/SoulPets
    
/Users/songyouyong/Documents/work/git/pet/workspace/SoulPets/SoulPets/Features/Reminders/ViewModels/AddEditReminderViewModel.swift:190:44: warning: capture of 'tag' with non-sendable type 'Tag' in a '@Sendable' closure; this is an error in the Swift 6 language mode
                    existingReminder.tag = tag
                                           ^
/Users/songyouyong/Documents/work/git/pet/workspace/SoulPets/SoulPets/Data/Models/Tag.swift:23:13: note: class 'Tag' does not conform to the 'Sendable' protocol
final class Tag {
            ^
/Users/songyouyong/Documents/work/git/pet/workspace/SoulPets/SoulPets/Features/Reminders/ViewModels/AddEditReminderViewModel.swift:213:21: warning: capture of 'modelContext' with non-sendable type 'ModelContext' in a '@Sendable' closure; this is an error in the Swift 6 language mode
                    modelContext.insert(newReminder)
                    ^
SwiftData.ModelContext:3:14: note: class 'ModelContext' does not conform to the 'Sendable' protocol
public class ModelContext : Equatable {
             ^

SwiftCompile normal arm64 /Users/songyouyong/Documents/work/git/pet/workspace/SoulPets/SoulPets/Features/Weight/Views/WeightView.swift (in target 'SoulPets' from project 'SoulPets')
    cd /Users/songyouyong/Documents/work/git/pet/workspace/SoulPets
    

SwiftCompile normal arm64 /Users/songyouyong/Documents/work/git/pet/workspace/SoulPets/SoulPets/Data/Services/TagManagementService.swift (in target 'SoulPets' from project 'SoulPets')
    cd /Users/songyouyong/Documents/work/git/pet/workspace/SoulPets
    

SwiftCompile normal arm64 Compiling\ TagManagementViewModel.swift,\ WeightGoal.swift /Users/songyouyong/Documents/work/git/pet/workspace/SoulPets/SoulPets/Features/Tags/ViewModels/TagManagementViewModel.swift /Users/songyouyong/Documents/work/git/pet/workspace/SoulPets/SoulPets/Data/Models/WeightGoal.swift (in target 'SoulPets' from project 'SoulPets')

SwiftCompile normal arm64 /Users/songyouyong/Documents/work/git/pet/workspace/SoulPets/SoulPets/Features/Tags/ViewModels/TagManagementViewModel.swift (in target 'SoulPets' from project 'SoulPets')
    cd /Users/songyouyong/Documents/work/git/pet/workspace/SoulPets
    

SwiftCompile normal arm64 /Users/songyouyong/Documents/work/git/pet/workspace/SoulPets/SoulPets/Data/Models/WeightGoal.swift (in target 'SoulPets' from project 'SoulPets')
    cd /Users/songyouyong/Documents/work/git/pet/workspace/SoulPets
    

SwiftCompile normal arm64 Compiling\ AppState.swift,\ ReminderService.swift,\ RemindersView.swift /Users/songyouyong/Documents/work/git/pet/workspace/SoulPets/SoulPets/Core/Navigation/AppState.swift /Users/songyouyong/Documents/work/git/pet/workspace/SoulPets/SoulPets/Data/Services/ReminderService.swift /Users/songyouyong/Documents/work/git/pet/workspace/SoulPets/SoulPets/Features/Reminders/Views/RemindersView.swift (in target 'SoulPets' from project 'SoulPets')
SwiftCompile normal arm64 /Users/songyouyong/Documents/work/git/pet/workspace/SoulPets/SoulPets/Core/Navigation/AppState.swift (in target 'SoulPets' from project 'SoulPets')
    cd /Users/songyouyong/Documents/work/git/pet/workspace/SoulPets
    

SwiftCompile normal arm64 /Users/songyouyong/Documents/work/git/pet/workspace/SoulPets/SoulPets/Data/Services/ReminderService.swift (in target 'SoulPets' from project 'SoulPets')
    cd /Users/songyouyong/Documents/work/git/pet/workspace/SoulPets
    

SwiftCompile normal arm64 /Users/songyouyong/Documents/work/git/pet/workspace/SoulPets/SoulPets/Features/Reminders/Views/RemindersView.swift (in target 'SoulPets' from project 'SoulPets')
    cd /Users/songyouyong/Documents/work/git/pet/workspace/SoulPets
    

SwiftDriverJobDiscovery normal arm64 Compiling TagManagementViewModel.swift, WeightGoal.swift (in target 'SoulPets' from project 'SoulPets')

SwiftCompile normal arm64 Compiling\ TagItemManagementView.swift,\ ReminderDetailView.swift,\ PetAvatarView.swift /Users/songyouyong/Documents/work/git/pet/workspace/SoulPets/SoulPets/Features/Tags/Views/TagItemManagementView.swift /Users/songyouyong/Documents/work/git/pet/workspace/SoulPets/SoulPets/Features/Reminders/Views/ReminderDetailView.swift /Users/songyouyong/Documents/work/git/pet/workspace/SoulPets/SoulPets/Common/Components/PetAvatarView.swift (in target 'SoulPets' from project 'SoulPets')

SwiftCompile normal arm64 /Users/songyouyong/Documents/work/git/pet/workspace/SoulPets/SoulPets/Features/Tags/Views/TagItemManagementView.swift (in target 'SoulPets' from project 'SoulPets')
    cd /Users/songyouyong/Documents/work/git/pet/workspace/SoulPets
    

SwiftCompile normal arm64 /Users/songyouyong/Documents/work/git/pet/workspace/SoulPets/SoulPets/Features/Reminders/Views/ReminderDetailView.swift (in target 'SoulPets' from project 'SoulPets')
    cd /Users/songyouyong/Documents/work/git/pet/workspace/SoulPets
    

SwiftCompile normal arm64 /Users/songyouyong/Documents/work/git/pet/workspace/SoulPets/SoulPets/Common/Components/PetAvatarView.swift (in target 'SoulPets' from project 'SoulPets')
    cd /Users/songyouyong/Documents/work/git/pet/workspace/SoulPets
    

SwiftDriverJobDiscovery normal arm64 Emitting module for SoulPets (in target 'SoulPets' from project 'SoulPets')

SwiftDriver\ Compilation\ Requirements SoulPets normal arm64 com.apple.xcode.tools.swift.compiler (in target 'SoulPets' from project 'SoulPets')
    cd /Users/songyouyong/Documents/work/git/pet/workspace/SoulPets
    builtin-Swift-Compilation-Requirements -- /Applications/Xcode.app/Contents/Developer/Toolchains/XcodeDefault.xctoolchain/usr/bin/swiftc -module-name SoulPets -Onone -enforce-exclusivity\=checked @/Users/songyouyong/Library/Developer/Xcode/DerivedData/SoulPets-dejbaxugdeemgfboyobqjtaffepc/Build/Intermediates.noindex/SoulPets.build/Debug-iphonesimulator/SoulPets.build/Objects-normal/arm64/SoulPets.SwiftFileList -DDEBUG -enable-bare-slash-regex -enable-experimental-feature DebugDescriptionMacro -sdk /Applications/Xcode.app/Contents/Developer/Platforms/iPhoneSimulator.platform/Developer/SDKs/iPhoneSimulator18.5.sdk -target arm64-apple-ios18.5-simulator -g -module-cache-path /Users/songyouyong/Library/Developer/Xcode/DerivedData/ModuleCache.noindex -Xfrontend -serialize-debugging-options -profile-coverage-mapping -profile-generate -enable-testing -index-store-path /Users/songyouyong/Library/Developer/Xcode/DerivedData/SoulPets-dejbaxugdeemgfboyobqjtaffepc/Index.noindex/DataStore -swift-version 5 -I /Users/songyouyong/Library/Developer/Xcode/DerivedData/SoulPets-dejbaxugdeemgfboyobqjtaffepc/Build/Products/Debug-iphonesimulator -F /Users/songyouyong/Library/Developer/Xcode/DerivedData/SoulPets-dejbaxugdeemgfboyobqjtaffepc/Build/Products/Debug-iphonesimulator -emit-localized-strings -emit-localized-strings-path /Users/songyouyong/Library/Developer/Xcode/DerivedData/SoulPets-dejbaxugdeemgfboyobqjtaffepc/Build/Intermediates.noindex/SoulPets.build/Debug-iphonesimulator/SoulPets.build/Objects-normal/arm64 -c -j8 -enable-batch-mode -incremental -Xcc -ivfsstatcache -Xcc /Users/songyouyong/Library/Developer/Xcode/DerivedData/SDKStatCaches.noindex/iphonesimulator18.5-22F76-d5fc8ad4295d2ef488fb7d0f804ce0c4.sdkstatcache -output-file-map /Users/songyouyong/Library/Developer/Xcode/DerivedData/SoulPets-dejbaxugdeemgfboyobqjtaffepc/Build/Intermediates.noindex/SoulPets.build/Debug-iphonesimulator/SoulPets.build/Objects-normal/arm64/SoulPets-OutputFileMap.json -use-frontend-parseable-output -save-temps -no-color-diagnostics -serialize-diagnostics -emit-dependencies -emit-module -emit-module-path /Users/songyouyong/Library/Developer/Xcode/DerivedData/SoulPets-dejbaxugdeemgfboyobqjtaffepc/Build/Intermediates.noindex/SoulPets.build/Debug-iphonesimulator/SoulPets.build/Objects-normal/arm64/SoulPets.swiftmodule -validate-clang-modules-once -clang-build-session-file /Users/songyouyong/Library/Developer/Xcode/DerivedData/ModuleCache.noindex/Session.modulevalidation -Xcc -I/Users/songyouyong/Library/Developer/Xcode/DerivedData/SoulPets-dejbaxugdeemgfboyobqjtaffepc/Build/Intermediates.noindex/SoulPets.build/Debug-iphonesimulator/SoulPets.build/swift-overrides.hmap -emit-const-values -Xfrontend -const-gather-protocols-file -Xfrontend /Users/songyouyong/Library/Developer/Xcode/DerivedData/SoulPets-dejbaxugdeemgfboyobqjtaffepc/Build/Intermediates.noindex/SoulPets.build/Debug-iphonesimulator/SoulPets.build/Objects-normal/arm64/SoulPets_const_extract_protocols.json -Xcc -iquote -Xcc /Users/songyouyong/Library/Developer/Xcode/DerivedData/SoulPets-dejbaxugdeemgfboyobqjtaffepc/Build/Intermediates.noindex/SoulPets.build/Debug-iphonesimulator/SoulPets.build/SoulPets-generated-files.hmap -Xcc -I/Users/songyouyong/Library/Developer/Xcode/DerivedData/SoulPets-dejbaxugdeemgfboyobqjtaffepc/Build/Intermediates.noindex/SoulPets.build/Debug-iphonesimulator/SoulPets.build/SoulPets-own-target-headers.hmap -Xcc -I/Users/songyouyong/Library/Developer/Xcode/DerivedData/SoulPets-dejbaxugdeemgfboyobqjtaffepc/Build/Intermediates.noindex/SoulPets.build/Debug-iphonesimulator/SoulPets.build/SoulPets-all-target-headers.hmap -Xcc -iquote -Xcc /Users/songyouyong/Library/Developer/Xcode/DerivedData/SoulPets-dejbaxugdeemgfboyobqjtaffepc/Build/Intermediates.noindex/SoulPets.build/Debug-iphonesimulator/SoulPets.build/SoulPets-project-headers.hmap -Xcc -I/Users/songyouyong/Library/Developer/Xcode/DerivedData/SoulPets-dejbaxugdeemgfboyobqjtaffepc/Build/Products/Debug-iphonesimulator/include -Xcc -I/Users/songyouyong/Library/Developer/Xcode/DerivedData/SoulPets-dejbaxugdeemgfboyobqjtaffepc/Build/Intermediates.noindex/SoulPets.build/Debug-iphonesimulator/SoulPets.build/DerivedSources-normal/arm64 -Xcc -I/Users/songyouyong/Library/Developer/Xcode/DerivedData/SoulPets-dejbaxugdeemgfboyobqjtaffepc/Build/Intermediates.noindex/SoulPets.build/Debug-iphonesimulator/SoulPets.build/DerivedSources/arm64 -Xcc -I/Users/songyouyong/Library/Developer/Xcode/DerivedData/SoulPets-dejbaxugdeemgfboyobqjtaffepc/Build/Intermediates.noindex/SoulPets.build/Debug-iphonesimulator/SoulPets.build/DerivedSources -Xcc -DDEBUG\=1 -emit-objc-header -emit-objc-header-path /Users/songyouyong/Library/Developer/Xcode/DerivedData/SoulPets-dejbaxugdeemgfboyobqjtaffepc/Build/Intermediates.noindex/SoulPets.build/Debug-iphonesimulator/SoulPets.build/Objects-normal/arm64/SoulPets-Swift.h -working-directory /Users/songyouyong/Documents/work/git/pet/workspace/SoulPets -experimental-emit-module-separately -disable-cmo

SwiftDriverJobDiscovery normal arm64 Compiling ContentView.swift, AddEditWeightView.swift, Reminder.swift (in target 'SoulPets' from project 'SoulPets')

SwiftCompile normal arm64 Compiling\ SettingsPreview.swift,\ PetBasicInfoView.swift,\ Pet.swift,\ CircleImagePicker.swift /Users/songyouyong/Documents/work/git/pet/workspace/SoulPets/SoulPets/Features/Settings/Preview/SettingsPreview.swift /Users/songyouyong/Documents/work/git/pet/workspace/SoulPets/SoulPets/Features/Pets/Views/PetBasicInfoView.swift /Users/songyouyong/Documents/work/git/pet/workspace/SoulPets/SoulPets/Data/Models/Pet.swift /Users/songyouyong/Documents/work/git/pet/workspace/SoulPets/SoulPets/Common/Components/CircleImagePicker.swift (in target 'SoulPets' from project 'SoulPets')

SwiftCompile normal arm64 /Users/songyouyong/Documents/work/git/pet/workspace/SoulPets/SoulPets/Features/Settings/Preview/SettingsPreview.swift (in target 'SoulPets' from project 'SoulPets')
    cd /Users/songyouyong/Documents/work/git/pet/workspace/SoulPets
    

SwiftCompile normal arm64 /Users/songyouyong/Documents/work/git/pet/workspace/SoulPets/SoulPets/Features/Pets/Views/PetBasicInfoView.swift (in target 'SoulPets' from project 'SoulPets')
    cd /Users/songyouyong/Documents/work/git/pet/workspace/SoulPets
    

SwiftCompile normal arm64 /Users/songyouyong/Documents/work/git/pet/workspace/SoulPets/SoulPets/Data/Models/Pet.swift (in target 'SoulPets' from project 'SoulPets')
    cd /Users/songyouyong/Documents/work/git/pet/workspace/SoulPets
    

SwiftCompile normal arm64 /Users/songyouyong/Documents/work/git/pet/workspace/SoulPets/SoulPets/Common/Components/CircleImagePicker.swift (in target 'SoulPets' from project 'SoulPets')
    cd /Users/songyouyong/Documents/work/git/pet/workspace/SoulPets
    

Copy /Users/songyouyong/Library/Developer/Xcode/DerivedData/SoulPets-dejbaxugdeemgfboyobqjtaffepc/Build/Products/Debug-iphonesimulator/SoulPets.swiftmodule/arm64-apple-ios-simulator.swiftmodule /Users/songyouyong/Library/Developer/Xcode/DerivedData/SoulPets-dejbaxugdeemgfboyobqjtaffepc/Build/Intermediates.noindex/SoulPets.build/Debug-iphonesimulator/SoulPets.build/Objects-normal/arm64/SoulPets.swiftmodule (in target 'SoulPets' from project 'SoulPets')
    cd /Users/songyouyong/Documents/work/git/pet/workspace/SoulPets
    builtin-copy -exclude .DS_Store -exclude CVS -exclude .svn -exclude .git -exclude .hg -resolve-src-symlinks -rename /Users/songyouyong/Library/Developer/Xcode/DerivedData/SoulPets-dejbaxugdeemgfboyobqjtaffepc/Build/Intermediates.noindex/SoulPets.build/Debug-iphonesimulator/SoulPets.build/Objects-normal/arm64/SoulPets.swiftmodule /Users/songyouyong/Library/Developer/Xcode/DerivedData/SoulPets-dejbaxugdeemgfboyobqjtaffepc/Build/Products/Debug-iphonesimulator/SoulPets.swiftmodule/arm64-apple-ios-simulator.swiftmodule

SwiftDriverJobDiscovery normal arm64 Compiling DataInitializationService.swift, PetImportantDatesView.swift, Color+Hex.swift (in target 'SoulPets' from project 'SoulPets')

Copy /Users/songyouyong/Library/Developer/Xcode/DerivedData/SoulPets-dejbaxugdeemgfboyobqjtaffepc/Build/Products/Debug-iphonesimulator/SoulPets.swiftmodule/arm64-apple-ios-simulator.swiftdoc /Users/songyouyong/Library/Developer/Xcode/DerivedData/SoulPets-dejbaxugdeemgfboyobqjtaffepc/Build/Intermediates.noindex/SoulPets.build/Debug-iphonesimulator/SoulPets.build/Objects-normal/arm64/SoulPets.swiftdoc (in target 'SoulPets' from project 'SoulPets')
    cd /Users/songyouyong/Documents/work/git/pet/workspace/SoulPets
    builtin-copy -exclude .DS_Store -exclude CVS -exclude .svn -exclude .git -exclude .hg -resolve-src-symlinks -rename /Users/songyouyong/Library/Developer/Xcode/DerivedData/SoulPets-dejbaxugdeemgfboyobqjtaffepc/Build/Intermediates.noindex/SoulPets.build/Debug-iphonesimulator/SoulPets.build/Objects-normal/arm64/SoulPets.swiftdoc /Users/songyouyong/Library/Developer/Xcode/DerivedData/SoulPets-dejbaxugdeemgfboyobqjtaffepc/Build/Products/Debug-iphonesimulator/SoulPets.swiftmodule/arm64-apple-ios-simulator.swiftdoc

Copy /Users/songyouyong/Library/Developer/Xcode/DerivedData/SoulPets-dejbaxugdeemgfboyobqjtaffepc/Build/Products/Debug-iphonesimulator/SoulPets.swiftmodule/arm64-apple-ios-simulator.abi.json /Users/songyouyong/Library/Developer/Xcode/DerivedData/SoulPets-dejbaxugdeemgfboyobqjtaffepc/Build/Intermediates.noindex/SoulPets.build/Debug-iphonesimulator/SoulPets.build/Objects-normal/arm64/SoulPets.abi.json (in target 'SoulPets' from project 'SoulPets')
    cd /Users/songyouyong/Documents/work/git/pet/workspace/SoulPets
    builtin-copy -exclude .DS_Store -exclude CVS -exclude .svn -exclude .git -exclude .hg -resolve-src-symlinks -rename /Users/songyouyong/Library/Developer/Xcode/DerivedData/SoulPets-dejbaxugdeemgfboyobqjtaffepc/Build/Intermediates.noindex/SoulPets.build/Debug-iphonesimulator/SoulPets.build/Objects-normal/arm64/SoulPets.abi.json /Users/songyouyong/Library/Developer/Xcode/DerivedData/SoulPets-dejbaxugdeemgfboyobqjtaffepc/Build/Products/Debug-iphonesimulator/SoulPets.swiftmodule/arm64-apple-ios-simulator.abi.json

Copy /Users/songyouyong/Library/Developer/Xcode/DerivedData/SoulPets-dejbaxugdeemgfboyobqjtaffepc/Build/Products/Debug-iphonesimulator/SoulPets.swiftmodule/Project/arm64-apple-ios-simulator.swiftsourceinfo /Users/songyouyong/Library/Developer/Xcode/DerivedData/SoulPets-dejbaxugdeemgfboyobqjtaffepc/Build/Intermediates.noindex/SoulPets.build/Debug-iphonesimulator/SoulPets.build/Objects-normal/arm64/SoulPets.swiftsourceinfo (in target 'SoulPets' from project 'SoulPets')
    cd /Users/songyouyong/Documents/work/git/pet/workspace/SoulPets
    builtin-copy -exclude .DS_Store -exclude CVS -exclude .svn -exclude .git -exclude .hg -resolve-src-symlinks -rename /Users/songyouyong/Library/Developer/Xcode/DerivedData/SoulPets-dejbaxugdeemgfboyobqjtaffepc/Build/Intermediates.noindex/SoulPets.build/Debug-iphonesimulator/SoulPets.build/Objects-normal/arm64/SoulPets.swiftsourceinfo /Users/songyouyong/Library/Developer/Xcode/DerivedData/SoulPets-dejbaxugdeemgfboyobqjtaffepc/Build/Products/Debug-iphonesimulator/SoulPets.swiftmodule/Project/arm64-apple-ios-simulator.swiftsourceinfo

SwiftCompile normal arm64 Compiling\ WeightGoalView.swift,\ PetsHomeView.swift,\ PetService.swift /Users/songyouyong/Documents/work/git/pet/workspace/SoulPets/SoulPets/Features/Weight/Views/WeightGoalView.swift /Users/songyouyong/Documents/work/git/pet/workspace/SoulPets/SoulPets/Features/Pets/Views/PetsHomeView.swift /Users/songyouyong/Documents/work/git/pet/workspace/SoulPets/SoulPets/Data/Services/PetService.swift (in target 'SoulPets' from project 'SoulPets')

SwiftCompile normal arm64 /Users/songyouyong/Documents/work/git/pet/workspace/SoulPets/SoulPets/Features/Weight/Views/WeightGoalView.swift (in target 'SoulPets' from project 'SoulPets')
    cd /Users/songyouyong/Documents/work/git/pet/workspace/SoulPets
    

SwiftCompile normal arm64 /Users/songyouyong/Documents/work/git/pet/workspace/SoulPets/SoulPets/Features/Pets/Views/PetsHomeView.swift (in target 'SoulPets' from project 'SoulPets')
    cd /Users/songyouyong/Documents/work/git/pet/workspace/SoulPets
    

SwiftCompile normal arm64 /Users/songyouyong/Documents/work/git/pet/workspace/SoulPets/SoulPets/Data/Services/PetService.swift (in target 'SoulPets' from project 'SoulPets')
    cd /Users/songyouyong/Documents/work/git/pet/workspace/SoulPets
    

SwiftCompile normal arm64 Compiling\ RecordViewModel.swift,\ StepIndicator.swift,\ SettingsService.swift,\ AddEditReminderView.swift /Users/songyouyong/Documents/work/git/pet/workspace/SoulPets/SoulPets/Features/Record/ViewModels/RecordViewModel.swift /Users/songyouyong/Documents/work/git/pet/workspace/SoulPets/SoulPets/Common/Components/StepIndicator.swift /Users/songyouyong/Documents/work/git/pet/workspace/SoulPets/SoulPets/Features/Settings/Services/SettingsService.swift /Users/songyouyong/Documents/work/git/pet/workspace/SoulPets/SoulPets/Features/Reminders/Views/AddEditReminderView.swift (in target 'SoulPets' from project 'SoulPets')

SwiftCompile normal arm64 /Users/songyouyong/Documents/work/git/pet/workspace/SoulPets/SoulPets/Features/Record/ViewModels/RecordViewModel.swift (in target 'SoulPets' from project 'SoulPets')
    cd /Users/songyouyong/Documents/work/git/pet/workspace/SoulPets
    

SwiftCompile normal arm64 /Users/songyouyong/Documents/work/git/pet/workspace/SoulPets/SoulPets/Common/Components/StepIndicator.swift (in target 'SoulPets' from project 'SoulPets')
    cd /Users/songyouyong/Documents/work/git/pet/workspace/SoulPets
    

SwiftCompile normal arm64 /Users/songyouyong/Documents/work/git/pet/workspace/SoulPets/SoulPets/Features/Settings/Services/SettingsService.swift (in target 'SoulPets' from project 'SoulPets')
    cd /Users/songyouyong/Documents/work/git/pet/workspace/SoulPets
    

SwiftCompile normal arm64 /Users/songyouyong/Documents/work/git/pet/workspace/SoulPets/SoulPets/Features/Reminders/Views/AddEditReminderView.swift (in target 'SoulPets' from project 'SoulPets')
    cd /Users/songyouyong/Documents/work/git/pet/workspace/SoulPets
    

SwiftDriverJobDiscovery normal arm64 Compiling AddEditReminderViewModel.swift, WeightView.swift, TagManagementService.swift (in target 'SoulPets' from project 'SoulPets')

SwiftCompile normal arm64 Compiling\ ProgressBar.swift,\ Weight.swift,\ RemindersViewModel.swift /Users/songyouyong/Documents/work/git/pet/workspace/SoulPets/SoulPets/Common/Components/ProgressBar.swift /Users/songyouyong/Documents/work/git/pet/workspace/SoulPets/SoulPets/Data/Models/Weight.swift /Users/songyouyong/Documents/work/git/pet/workspace/SoulPets/SoulPets/Features/Reminders/ViewModels/RemindersViewModel.swift (in target 'SoulPets' from project 'SoulPets')

SwiftCompile normal arm64 /Users/songyouyong/Documents/work/git/pet/workspace/SoulPets/SoulPets/Common/Components/ProgressBar.swift (in target 'SoulPets' from project 'SoulPets')
    cd /Users/songyouyong/Documents/work/git/pet/workspace/SoulPets
    

SwiftCompile normal arm64 /Users/songyouyong/Documents/work/git/pet/workspace/SoulPets/SoulPets/Data/Models/Weight.swift (in target 'SoulPets' from project 'SoulPets')
    cd /Users/songyouyong/Documents/work/git/pet/workspace/SoulPets
    

SwiftCompile normal arm64 /Users/songyouyong/Documents/work/git/pet/workspace/SoulPets/SoulPets/Features/Reminders/ViewModels/RemindersViewModel.swift (in target 'SoulPets' from project 'SoulPets')
    cd /Users/songyouyong/Documents/work/git/pet/workspace/SoulPets
    

SwiftDriverJobDiscovery normal arm64 Compiling WeightViewModel.swift, TagManagementView.swift, ModelRegistration.swift (in target 'SoulPets' from project 'SoulPets')

SwiftCompile normal arm64 Compiling\ RecordDetailView.swift,\ SettingsRowView.swift,\ RecordStatsService.swift /Users/songyouyong/Documents/work/git/pet/workspace/SoulPets/SoulPets/Features/Record/Views/RecordDetailView.swift /Users/songyouyong/Documents/work/git/pet/workspace/SoulPets/SoulPets/Features/Settings/Components/SettingsRowView.swift /Users/songyouyong/Documents/work/git/pet/workspace/SoulPets/SoulPets/Data/Services/RecordStatsService.swift (in target 'SoulPets' from project 'SoulPets')

SwiftCompile normal arm64 /Users/songyouyong/Documents/work/git/pet/workspace/SoulPets/SoulPets/Features/Record/Views/RecordDetailView.swift (in target 'SoulPets' from project 'SoulPets')
    cd /Users/songyouyong/Documents/work/git/pet/workspace/SoulPets
    

SwiftCompile normal arm64 /Users/songyouyong/Documents/work/git/pet/workspace/SoulPets/SoulPets/Features/Settings/Components/SettingsRowView.swift (in target 'SoulPets' from project 'SoulPets')
    cd /Users/songyouyong/Documents/work/git/pet/workspace/SoulPets
    

SwiftCompile normal arm64 /Users/songyouyong/Documents/work/git/pet/workspace/SoulPets/SoulPets/Data/Services/RecordStatsService.swift (in target 'SoulPets' from project 'SoulPets')
    cd /Users/songyouyong/Documents/work/git/pet/workspace/SoulPets
    

SwiftDriverJobDiscovery normal arm64 Compiling TagItemManagementView.swift, ReminderDetailView.swift, PetAvatarView.swift (in target 'SoulPets' from project 'SoulPets')

** BUILD FAILED **


The following build commands failed:
	SwiftCompile normal arm64 Compiling\ RecordsView.swift,\ TagItemView.swift,\ WeightService.swift /Users/songyouyong/Documents/work/git/pet/workspace/SoulPets/SoulPets/Features/Record/Views/RecordsView.swift /Users/songyouyong/Documents/work/git/pet/workspace/SoulPets/SoulPets/Common/Components/TagItemView.swift /Users/songyouyong/Documents/work/git/pet/workspace/SoulPets/SoulPets/Data/Services/WeightService.swift (in target 'SoulPets' from project 'SoulPets')
	SwiftCompile normal arm64 /Users/songyouyong/Documents/work/git/pet/workspace/SoulPets/SoulPets/Features/Record/Views/RecordsView.swift (in target 'SoulPets' from project 'SoulPets')
	Building project SoulPets with scheme SoulPets
(3 failures)
